// Jest Snapshot v1, https://goo.gl/fbAQLP

exports[`Button Component matches snapshot 1`] = `
<MainButton
  fullSpan={true}
>
  Title
</MainButton>
`;
